
> sangre-y-jade@0.5.0 check
> npm run test && npm run build


> sangre-y-jade@0.5.0 test
> node --test tests/*.test.js

✔ level-five companion cards show role, signature and two passives; chosen ally arrives with signature only (6.3689ms)
✔ ally passive scaling values are generated from the authoritative JSON (0.4248ms)
✔ only hero levels 8 and 14 create companion picks, and picks never replace or exceed three slots (1.3836ms)
✔ ally brain checks available skills in priority order and enforces the 0.8 second global gap (3.9568ms)
✔ heals, shields and active zones obey no-waste checks (0.8793ms)
✔ failsafe casts an eligible ready skill after eight seconds but not a reactive-only skill (2.0434ms)
✔ failsafe bypasses multi-enemy triggers only when Ground Slam or Smoke Bomb can still hit a target (4.2854ms)
✔ ally brain does not cast during a choice or after the run ends, and never treats passives as casts (0.7286ms)
✔ ally active healing-circle casts under its JSON condition and not otherwise (7.5068ms)
✔ ally active jade-ward casts under its JSON condition and not otherwise (1.2993ms)
✔ ally active cleansing-light casts under its JSON condition and not otherwise (1.3662ms)
✔ ally active sanctuary-dome casts under its JSON condition and not otherwise (1.4563ms)
✔ ally active radiant-beacon casts under its JSON condition and not otherwise (1.0128ms)
✔ ally active lifebond casts under its JSON condition and not otherwise (0.6942ms)
✔ ally active bulwark-wall casts under its JSON condition and not otherwise (4.8958ms)
✔ ally active war-cry casts under its JSON condition and not otherwise (1.4956ms)
✔ ally active shield-bash casts under its JSON condition and not otherwise (2.2288ms)
✔ ally active ground-slam casts under its JSON condition and not otherwise (1.6384ms)
✔ ally active clay-bomb casts under its JSON condition and not otherwise (0.7222ms)
✔ ally active shield-throw casts under its JSON condition and not otherwise (0.9511ms)
✔ ally active ambush casts under its JSON condition and not otherwise (0.725ms)
✔ ally active execute casts under its JSON condition and not otherwise (0.649ms)
✔ ally active venom-blade casts under its JSON condition and not otherwise (0.6736ms)
✔ ally active silencing-dart casts under its JSON condition and not otherwise (0.7905ms)
✔ ally active smoke-bomb casts under its JSON condition and not otherwise (0.7594ms)
✔ ally active vanish casts under its JSON condition and not otherwise (0.5824ms)
✔ Saving Grace prevents a lethal hit once, waits 60 seconds, then becomes ready again (1.0967ms)
✔ Guardian Link redirects its exact level-one share without allowing the Tank to die (0.6205ms)
✔ Bodyguard aura, Sacred Fervor, and Relentless Pursuit read their JSON values (1.4968ms)
✔ Radiant Beacon and Sanctuary Dome buffs apply only while the hero is inside their placed zones (0.7641ms)
✔ Lifebond heals the hero for the JSON share of damage dealt while active (0.8475ms)
✔ War Cry gives its reduction to the Tank without incorrectly reducing hero damage (0.5719ms)
✔ Bounty Contract scales cacao and grants three bonus cacao for the top-threat kill (0.8956ms)
✔ Vanish drops non-boss aggro and leaves bosses tracking the hero (1.6381ms)
✔ Smoke Bomb blinds ranged enemies so shots are aimed away and applies a 25% slow (1.0731ms)
✔ Bulwark Wall physically intercepts a projectile crossing its placed segment (0.6957ms)
✔ Balam definitions, names, copy and paths come from JSON; only his 16 actives/8 passives are draftable (8.1759ms)
✔ jaguar-roar fears regular foes but slows bosses by 35%, for two seconds (4.9073ms)
✔ obsidian-arc cleaves only the 150-degree arc, refreshes bleed and damages props (2.2662ms)
✔ prowlers-leap selects nearest foe, is airborne-invulnerable, then lands with r110 damage (2.0262ms)
✔ claw-cyclone delivers six 18-damage ticks, slows hero movement to 60%, and rejects knockback (2.3627ms)
✔ ceiba-breaker selects nearest foe and gives bosses a shorter stun (1.4273ms)
✔ bloodless-hunt targets highest current HP, caps max-HP bonus, and turns at 240 degrees/s (2.4706ms)
✔ stone-maw chooses the densest pack, arms after 0.4s and detonates only once (1.3972ms)
✔ war-drum pulses 20/20/45 twice in six seconds and grants 15% basic attack speed (1.9303ms)
✔ sun-claw sweeps to 220, hits each foe once, and burns at 10 DPS for three seconds (1.6997ms)
✔ jaguar-echo chases at 280, bites every 0.7s, and replaces the old spirit (1.4858ms)
✔ fang-path erupts eight staggered segments, hitting each foe once with 40% slow (1.3803ms)
✔ hunters-mark chooses bosses then highest damage, boosts all sources, heals 4 on marked death (1.3683ms)
✔ nine-lives heals 26 + 20% missing HP and grants a four-second 25% sprint (0.7371ms)
✔ black-mirror reflects only its 120-degree front arc at 150% and returns 15 melee damage (1.4191ms)
✔ pyramid-rush travels 300 in 0.5s, hits touched enemies once, and ends with r90 stomp (1.2403ms)
✔ heart-of-balam breaks or expires once, clears only its ward and bursts for 150 (3.1165ms)
✔ bloodlust Lv1: kills refresh five stacks for three seconds (2.7877ms)
✔ stonehide Lv1: missing-HP tiers apply JSON armor cap to real combat (0.9869ms)
✔ predators-rhythm Lv1: crit reduces all cooldowns, respecting one-second ICD (0.7095ms)
✔ feast-of-the-fallen Lv1: every 12 kills heals JSON percent with 7/12 HUD (0.5746ms)
✔ obsidian-thorns Lv1: only melee HP damage returns flat + 15% damage (0.5593ms)
✔ jaguars-pride Lv1: nearby enemy bonus caps at five and affects hero damage only (0.6192ms)
✔ earthshaker Lv1: fourth basic attack uses JSON weapon damage fraction (0.4863ms)
✔ wounded-fury Lv1: strict below-50% threshold grants JSON damage and lifesteal (0.7073ms)
✔ survivors-will Lv1: JSON speed/duration/ICD and live HUD timer (0.9436ms)
✔ jade-bounty Lv1: XP only heals per gem with JSON attraction and HUD values (0.5082ms)
✔ bloodlust Lv2: kills refresh five stacks for three seconds (0.5589ms)
✔ stonehide Lv2: missing-HP tiers apply JSON armor cap to real combat (0.4236ms)
✔ predators-rhythm Lv2: crit reduces all cooldowns, respecting one-second ICD (0.3431ms)
✔ feast-of-the-fallen Lv2: every 12 kills heals JSON percent with 7/12 HUD (0.1992ms)
✔ obsidian-thorns Lv2: only melee HP damage returns flat + 15% damage (0.4211ms)
✔ jaguars-pride Lv2: nearby enemy bonus caps at five and affects hero damage only (0.2631ms)
✔ earthshaker Lv2: fourth basic attack uses JSON weapon damage fraction (0.2114ms)
✔ wounded-fury Lv2: strict below-50% threshold grants JSON damage and lifesteal (0.2295ms)
✔ survivors-will Lv2: JSON speed/duration/ICD and live HUD timer (0.5381ms)
✔ jade-bounty Lv2: XP only heals per gem with JSON attraction and HUD values (0.1545ms)
✔ bloodlust Lv3: kills refresh five stacks for three seconds (0.4147ms)
✔ stonehide Lv3: missing-HP tiers apply JSON armor cap to real combat (0.246ms)
✔ predators-rhythm Lv3: crit reduces all cooldowns, respecting one-second ICD (0.289ms)
✔ feast-of-the-fallen Lv3: every 12 kills heals JSON percent with 7/12 HUD (0.155ms)
✔ obsidian-thorns Lv3: only melee HP damage returns flat + 15% damage (0.238ms)
✔ jaguars-pride Lv3: nearby enemy bonus caps at five and affects hero damage only (0.2877ms)
✔ earthshaker Lv3: fourth basic attack uses JSON weapon damage fraction (0.1921ms)
✔ wounded-fury Lv3: strict below-50% threshold grants JSON damage and lifesteal (0.2011ms)
✔ survivors-will Lv3: JSON speed/duration/ICD and live HUD timer (0.4909ms)
✔ jade-bounty Lv3: XP only heals per gem with JSON attraction and HUD values (0.1573ms)
✔ bloodlust Lv4: kills refresh five stacks for three seconds (0.4308ms)
✔ stonehide Lv4: missing-HP tiers apply JSON armor cap to real combat (0.2448ms)
✔ predators-rhythm Lv4: crit reduces all cooldowns, respecting one-second ICD (0.2168ms)
✔ feast-of-the-fallen Lv4: every 12 kills heals JSON percent with 7/12 HUD (0.1825ms)
✔ obsidian-thorns Lv4: only melee HP damage returns flat + 15% damage (0.2253ms)
✔ jaguars-pride Lv4: nearby enemy bonus caps at five and affects hero damage only (0.2683ms)
✔ earthshaker Lv4: fourth basic attack uses JSON weapon damage fraction (0.2557ms)
✔ wounded-fury Lv4: strict below-50% threshold grants JSON damage and lifesteal (0.3099ms)
✔ survivors-will Lv4: JSON speed/duration/ICD and live HUD timer (0.5471ms)
✔ jade-bounty Lv4: XP only heals per gem with JSON attraction and HUD values (0.2366ms)
✔ bloodlust Lv5: kills refresh five stacks for three seconds (0.4843ms)
✔ stonehide Lv5: missing-HP tiers apply JSON armor cap to real combat (0.2646ms)
✔ predators-rhythm Lv5: crit reduces all cooldowns, respecting one-second ICD (1.6825ms)
✔ feast-of-the-fallen Lv5: every 12 kills heals JSON percent with 7/12 HUD (0.2339ms)
✔ obsidian-thorns Lv5: only melee HP damage returns flat + 15% damage (0.2528ms)
✔ jaguars-pride Lv5: nearby enemy bonus caps at five and affects hero damage only (0.3526ms)
✔ earthshaker Lv5: fourth basic attack uses JSON weapon damage fraction (0.2746ms)
✔ wounded-fury Lv5: strict below-50% threshold grants JSON damage and lifesteal (0.2503ms)
✔ survivors-will Lv5: JSON speed/duration/ICD and live HUD timer (0.5695ms)
✔ jade-bounty Lv5: XP only heals per gem with JSON attraction and HUD values (0.2011ms)
✔ innate upgrades never consume passive slots and preserve their state and max level (1.3282ms)
✔ all registered Balam skills cast at all six levels with FX/audio hooks and shared cooldown handling (113.5335ms)
✔ Balam level 10 offers three owned-hero passives, then consumes its milestone only once (1.5623ms)
✔ replacing a Balam passive removes its old listener and modifiers without removing traits (0.9849ms)
✔ Stone Maw empty trap waits 2.5 armed seconds, and ward recast cannot stack or burst early (1.0939ms)
✔ Balam secondary areas inherit level 3 and range modifiers; level 6 fang count and ward scaling are centralized (0.3234ms)
✔ Pyramid Rush sweeps scaled collision radii so narrow grazes hit without oversized collision range (0.41ms)
✔ procedural fallback is deterministic and capped at 24; sound fallback is throttled and stoppable (4.45ms)
✔ Camazotz Sonic Screech is a90-degree320 cone:18 damage,200 knockback,1s confusion (21.4749ms)
✔ Camazotz Bat Swarm warns sixV positions and summons sixCave Bats; ground-only aliases stay playable (6.5054ms)
✔ Camazotz Blood Dive travels600 at520, hits24 once and leaves a3s6DPS trail (18.4755ms)
✔ Camazotz Eclipse uses a280px moving visibility hole for exactly10s, without hidden damage (106.7777ms)
✔ Camazotz Twin Dive has two crossing warnings and simultaneous600-unit dives; phase2 speed is+15% (5.6147ms)
✔ Zipacna Stone Slam hits only r150 for26 with220 knockback (2.0566ms)
✔ Zipacna Rock Rain has exactly8 independent r55 markers and20-damage boulders (2.1779ms)
✔ Zipacna Fissure Line erupts sequentially over1.2s along700x70, not as an immediate full-line hit (3.1485ms)
✔ Zipacna Stone Armor has3 shootable150HP stones;50% reduction ends only after the third dies, with no loot (4.5613ms)
✔ Zipacna Avalanche warns staggered edge falls; all r55 footprints are inside its600 arena and hit16 (3.3227ms)
✔ Vucub Sunbeam Sweep is520x50 rotating180degrees over4s,20 per.3s contact and recovery follows the channel (6.6786ms)
✔ Vucub Feather Barrage fires9 feathers at260 for12 only after its.5s warning (1.726ms)
✔ Vucub Solar Flare Rings have3 distinct expanding rings,2 safe gaps each,20 damage outside and none inside (8.8245ms)
✔ Vucub Second Sun spawns3 shootable80HP orbs, destroying an orb stuns boss1.5s, contact hits22 (7.5439ms)
✔ Vucub Zenith is invulnerable for4s flight plus1.2s landing warning, then crashes r200 for34 (9.6288ms)
✔ Ah Puch Death Gaze tracks then locks for the final.5s;520 laser deals28 every.3s for1s (4.1176ms)
✔ Ah Puch Bone Spear Ring emits12 at r220 and12 half-step-offset spears with a separate.5s warning (4.5947ms)
✔ Ah Puch Soul Drain pulls only within r380 for2s, deals10 once and heals actual lost HP without exceeding max (13.0811ms)
✔ Ah Puch Summon Lords opens2 portals and summons2 eliteHollow Priests after1s (2.2064ms)
✔ Ah Puch Xibalba Shift has4 r120 lights, moves them every15s and deals8DPS only outside light inside arena (27.346ms)
✔ Ah Puch Final Rite has exactly3 r130 circles;80 blast at6s into phase, repeats every20s, phase3 speed+25% (95.0586ms)
✔ camazotz: phase2 transitions once at50% including multiphase jumps (1.2752ms)
✔ zipacna: phase2 transitions once at50% including multiphase jumps (0.3159ms)
✔ vucub: phase2 transitions once at60% including multiphase jumps (0.2638ms)
✔ vucub: phase3 transitions once at25% including multiphase jumps (0.2651ms)
✔ ahpuch: phase2 transitions once at66% including multiphase jumps (0.2502ms)
✔ ahpuch: phase3 transitions once at33% including multiphase jumps (0.3129ms)
✔ camazotz/sonic-screech: no damage, projectile or summon before the entire warning ends (1.1948ms)
✔ camazotz/bat-swarm: no damage, projectile or summon before the entire warning ends (1.2985ms)
✔ camazotz/blood-dive: no damage, projectile or summon before the entire warning ends (0.9602ms)
✔ camazotz/eclipse: no damage, projectile or summon before the entire warning ends (1.0125ms)
✔ camazotz/twin-dive: no damage, projectile or summon before the entire warning ends (1.1409ms)
✔ zipacna/stone-slam: no damage, projectile or summon before the entire warning ends (1.0262ms)
✔ zipacna/rock-rain: no damage, projectile or summon before the entire warning ends (1.42ms)
✔ zipacna/fissure-line: no damage, projectile or summon before the entire warning ends (0.9114ms)
✔ zipacna/stone-armor: no damage, projectile or summon before the entire warning ends (1.1435ms)
✔ zipacna/avalanche: no damage, projectile or summon before the entire warning ends (0.8623ms)
✔ vucub/sunbeam-sweep: no damage, projectile or summon before the entire warning ends (1.1319ms)
✔ vucub/feather-barrage: no damage, projectile or summon before the entire warning ends (0.847ms)
✔ vucub/solar-flare-rings: no damage, projectile or summon before the entire warning ends (0.8618ms)
✔ vucub/second-sun: no damage, projectile or summon before the entire warning ends (0.9624ms)
✔ vucub/zenith: no damage, projectile or summon before the entire warning ends (15.9465ms)
✔ ahpuch/death-gaze: no damage, projectile or summon before the entire warning ends (1.9466ms)
✔ ahpuch/bone-spear-ring: no damage, projectile or summon before the entire warning ends (3.3776ms)
✔ ahpuch/soul-drain: no damage, projectile or summon before the entire warning ends (1.1442ms)
✔ ahpuch/summon-lords: no damage, projectile or summon before the entire warning ends (15.7132ms)
✔ ahpuch/xibalba-shift: no damage, projectile or summon before the entire warning ends (2.6321ms)
✔ ahpuch/final-rite: no damage, projectile or summon before the entire warning ends (5.3985ms)
✔ boss channels, persistent zones and shootable targets freeze on choices and clean up on death/reuse (14.0175ms)
✔ stun cancels tracking laser and airborne Zenith without a late hit or lingering invulnerability (14.8536ms)
✔ each entry has distinct procedural choreography, honours skip/reduced motion and destroys temporary drawing (1.9422ms)
✔ destroyed heart stones reused as ordinary enemies cannot keep Stone Armor active (0.9189ms)
✔ Zenith cancellation after source-body reuse never changes the new actor alpha or invulnerability (1.6981ms)
✔ root cancels physical and ghost dives without teleporting on channel completion; non-moving casts remain allowed (9.3359ms)
✔ aborting an entrance after boss-body reuse destroys its drawing without mutating the new actor (2.019ms)
✔ Final Rite still blasts at phase+6s when the threshold interrupts a previous channel in recovery (20.9412ms)
✔ a reused Lurker/Golem body cannot make heart stones or sun orbs buried, shielded or reflective (2.3614ms)
✔ all four definitions retain every JSON number, phase and ability; final roster behaviours are registered (20.8214ms)
✔ phases transition at exact thresholds, emit each crossed phase once and never regress on healing (7.0541ms)
✔ damaging cast is telegraphed before execute and every big cast has at least1.2s recovery (13.5646ms)
✔ phase transformations block hits and DOT until the explicit invulnerability window ends (1.7925ms)
✔ phase and optional timed enrage multipliers are read without inventing timers or compounding speed (1.0049ms)
✔ stun, silence, death and recycled boss bodies cannot execute a pending warning (5.1529ms)
✔ cancelled casts consume cooldown and a full warning pool cannot leave a boss stuck (2.624ms)
✔ boss single hits stay capped after vulnerability and expired pooled sources; ordinary hits are unchanged (3.0685ms)
✔ boss pursuit still honors taunt and only hero-directed aiming is blinded (0.6897ms)
✔ choices freeze cooldowns, warnings and death sequence; no cast is allowed during cinematic or after end (0.9276ms)
✔ all entrances have step-based2s banners,5/6/8s total, relative1.25 zoom and restore follow/physics/timers/HUD (3.3156ms)
✔ cinematic blocks all damage, DOT, skill/manual attacks, dash and enemy-shot consumption (0.989ms)
✔ tap/Back skip is gated at1s, restores game immediately, retains a readable banner, cues only once (0.8257ms)
✔ Skip boss entrances setting gives only a2s name banner; reduced motion leaves camera unchanged (0.7249ms)
✔ cinematic cancellation, shutdown and resize restore camera without accidentally resuming ended physics (0.6584ms)
✔ arrival warning is exactly8s ahead, once per boss, serialised, usesJSON schedule in both modes (9.9349ms)
✔ overdue/queued boss still gets a complete8s warning and full cap failure retries instead of spending boss (1.8797ms)
✔ arena isfixed600 world units; Final Rite framework creates exactly3 safe circles and caps damage80 (2.8518ms)
✔ boss bar reports phase notches, shield, armor and protection without changing physical anchor (0.6633ms)
✔ death is one-shot, delayed.9s, paused by choices and survives body reuse without mutating new actor (0.682ms)
✔ shutdown cancels pending death reward and active warning, releases death sprite exactly once (0.4673ms)
✔ boss HP stays exactlyJSON on all maps/modes and ground-only aliases keep canonical phases (2.212ms)
✔ arrival direction uses the real safe rectangle, never RTL or a hard-coded1280x720 edge (0.4182ms)
✔ all new player-facing boss strings exist inEN/FR/AR withWestern digits (1.3244ms)
✔ boss manifest and animation factory use all seven 16-frame states with four-frame fallback (9.3682ms)
✔ 192px boss body retains the original world-space radius and centre (0.7128ms)
✔ canonical recipes have unique signatures and preload each of the 46 actual still paths once (2.1782ms)
✔ all 64 boss frames and 46 effects have exact sizes, transparent pixels, and unique hashes (1836.3779ms)
✔ boss-camazotz-sonic-screech: cast, impact, interrupted owner and shutdown clean all effects (13.103ms)
✔ boss-camazotz-bat-swarm: cast, impact, interrupted owner and shutdown clean all effects (3.8969ms)
✔ boss-camazotz-blood-dive: cast, impact, interrupted owner and shutdown clean all effects (5.7284ms)
✔ boss-camazotz-eclipse: cast, impact, interrupted owner and shutdown clean all effects (1.8684ms)
✔ boss-camazotz-twin-dive: cast, impact, interrupted owner and shutdown clean all effects (2.01ms)
✔ boss-zipacna-stone-slam: cast, impact, interrupted owner and shutdown clean all effects (8.2907ms)
✔ boss-zipacna-rock-rain: cast, impact, interrupted owner and shutdown clean all effects (6.1283ms)
✔ boss-zipacna-fissure-line: cast, impact, interrupted owner and shutdown clean all effects (2.4606ms)
✔ boss-zipacna-stone-armor: cast, impact, interrupted owner and shutdown clean all effects (1.8524ms)
✔ boss-zipacna-avalanche: cast, impact, interrupted owner and shutdown clean all effects (0.9405ms)
✔ boss-vucub-sunbeam-sweep: cast, impact, interrupted owner and shutdown clean all effects (3.2033ms)
✔ boss-vucub-feather-barrage: cast, impact, interrupted owner and shutdown clean all effects (0.7073ms)
✔ boss-vucub-solar-flare-rings: cast, impact, interrupted owner and shutdown clean all effects (1.9909ms)
✔ boss-vucub-second-sun: cast, impact, interrupted owner and shutdown clean all effects (0.631ms)
✔ boss-vucub-zenith: cast, impact, interrupted owner and shutdown clean all effects (0.7671ms)
✔ boss-ahpuch-death-gaze: cast, impact, interrupted owner and shutdown clean all effects (0.9312ms)
✔ boss-ahpuch-bone-spear-ring: cast, impact, interrupted owner and shutdown clean all effects (1.1479ms)
✔ boss-ahpuch-soul-drain: cast, impact, interrupted owner and shutdown clean all effects (1.1849ms)
✔ boss-ahpuch-summon-lords: cast, impact, interrupted owner and shutdown clean all effects (0.9455ms)
✔ boss-ahpuch-xibalba-shift: cast, impact, interrupted owner and shutdown clean all effects (1.9796ms)
✔ boss-ahpuch-final-rite: cast, impact, interrupted owner and shutdown clean all effects (0.9723ms)
✔ gameplay-clock pause freezes boss visuals; eviction removes listeners and geometry masks (10.3059ms)
✔ beams, sequential fissure, eclipse and flare circles use the gameplay geometry and lifetimes (1.8066ms)
✔ Zenith trail marks the actual moving player every 0.5s and expires with its flight (1.2681ms)
✔ manual cinematic clock animates the four entry stills and finish/skip removes them (1.9993ms)
✔ scheduler cues before execution do not lose armor, and interrupted channels/dives leave no moving still (1.841ms)
✔ boss clone poses, cinematic entry and white hit flashes never resize its physics actor (2.6215ms)
✔ boss feather and bone projectiles retain their world collision radii (0.8735ms)
✔ owner death does not cancel its short death puff and cap cleanup releases its listener (0.9282ms)
✔ base-five numbers exactly match the independent V06 roster rows (3.6727ms)
✔ health bars implement all modes, targeting, three-second expiry, bosses and real-view culling (1.0462ms)
✔ bar dimensions, white chip, shield and elite border stay left-to-right in EN/AR (3.6514ms)
✔ circle telegraph animates wind-up and resolves exactly once in one batch (2.3798ms)
✔ ring telegraph animates wind-up and resolves exactly once in one batch (1.0569ms)
✔ line telegraph animates wind-up and resolves exactly once in one batch (1.9579ms)
✔ cone telegraph animates wind-up and resolves exactly once in one batch (0.6523ms)
✔ shape containment matches visible circle/ring/rotated line/cone footprints (0.4914ms)
✔ stun, death and pooled-sprite reuse cancel live attacks without resolving (2.3845ms)
✔ telegraphs freeze during choices/loading, cancel at end, respect cap and reuse records (1.1536ms)
✔ high-contrast outlines thicken and circles have real dash gaps (0.9941ms)
✔ time caps are bounded and independent of quality, level and map (1.2401ms)
✔ pack tables preserve base packs and add only their map roster, with exact flier groups (1.1143ms)
✔ whole pack footprints spawn >=120 outside real view at seven aspect ratios (4.3599ms)
✔ director never partially spawns a pack or exceeds cap including queued starts (9.4085ms)
✔ elite probability starts at 90s, rises every 20s, caps at 25%, covers all five (0.4703ms)
✔ armored adds 60% HP, triples XP, reduces front only, reads vertical facing (6.0644ms)
✔ swift changes speed only, shield absorbs and regenerates 6s after full break (0.7155ms)
✔ vampiric heals 30% actual damage, caps HP, cannot heal blocked hits (1.4978ms)
✔ explosive death cancels live warnings but resolves detached r90/18/.6s burst (1.3248ms)
✔ contact and priest shots use warnings; stun cancels before damage/creation (2.4061ms)
✔ spawn emergence prevents attacks/movement without permanent inertia (0.449ms)
✔ all boss roster openers use their pooled warnings and cancel on stun (5.0603ms)
✔ settings have saved defaults, EN/FR/AR text and live redraw while paused (0.6131ms)
✔ reused enemies reset shield, affix, target and warning data (0.2867ms)
✔ all 15 independent records/handlers are generated exactly from the supplied JSON (29.7097ms)
✔ Shade: 170px/420 lunge after .35s; one contact hit; .5s +20% recovery (17.4612ms)
✔ Bat: circles for 1.5-2.5s at r210, .4 marker, dives through it, retreats 1s (10.9119ms)
✔ Jaguar: .55 landing marker, .4 leap, r80/22 shockwave; one half-HP roar buffs 15%/6s (17.3887ms)
✔ Serpent: Tail Whip cone 110deg/r120/16 +120 knockback; underground immunity then emerge r70/18/.4 knock-up (4.8902ms)
✔ Priest: kites 260-340, Ward nearest ally 40/6s; three 210px/s bolts of 11/.2rad (5.7225ms)
✔ Vine Lurker: buried/invisible/untargetable until within200; .7 r90 snare roots .8 and deals12 (5.1401ms)
✔ Stone Guardian: 90deg front guard reduces70%, flanks/DOT unaffected; .8 r100 slam26/knock160 (1.5902ms)
✔ Wasp: .35s spit8/speed240, poison3dps for3s; silence and bad range prevent shots (40.3232ms)
✔ Wraith: .5 behind-player marker, teleport then .3 delay slash20, bleed5dps/3s (9.6782ms)
✔ Archer: .6 red line, 380px/s piercing arrow15; below50% exactly3 in fan (3.4337ms)
✔ Cultist: every10s warns .8, adds2 capped4 incl remaining space; summons disappear with owner (100.2428ms)
✔ Drowned Spirit: .4 marker pulls120 then16; trail r50 lasts6s, slows35%, bounded pool (3.1229ms)
✔ Eel: dry85/water150; .45 line then260/440 dash; +8 only within120 of water (6.3711ms)
✔ Golem: every8s .5 warning then3s100% reflection; .7 eight lines resolve only8 shards14 (19.796ms)
✔ Wisp: at90 begins1.2 fuse/r90/20, dies; early kill or stun cancels harmlessly (3.1077ms)
✔ map packs cover each eligible roster, flier groups exact, tanks capped2 and ordinary body overlap does not duplicate attacks (2.5004ms)
✔ choices freeze actions/DOT; stun, fear, death and reuse release burrow/timers/warnings safely (2.9021ms)
✔ roster hooks emit enemy-id windup/attack, source reuse cannot heal or apply old shooter ownership (1.1657ms)
✔ new tough enemies count for Trophy Hunter, while base Shades/Wisps do not (1.25ms)
✔ Ward ring follows its ally and cancels on ally death or serial reuse without retaining references (2.4331ms)
✔ a Grasp cannot drag an intangible, invulnerable or dodging hero; rooted Spirit leaves no puddle (2.7005ms)
✔ fear/aggro-drop cancels pending warnings immediately; cooldown cannot re-cast and Ward cannot affect reused allies (0.9968ms)
✔ enemy audio hooks use existing sound without fetching, warn once per missing file, and respect mute (7.9252ms)
✔ boss and ordinary pool reuse clears buried, immunity, reflection, timed shield, recovery and summoner fields (4.6795ms)
✔ enemy manifest loads 16 frames per eligible enemy, without loading other maps or fliers for melee (10.9828ms)
✔ animation ranges match all 16 frames; a four-frame actor still uses the old animations (3.7527ms)
✔ 18 canonical enemy FX and every ability alias are registered, with unique visual signatures (0.8217ms)
✔ windup decoration is stationary and cancels on interrupted cast, death or serial reuse (4.2733ms)
✔ connected-component reflow labels retain an entire sprite crossing a gutter (13.228ms)
✔ all 240 frames and 18 effects are real transparent images at exact final sizes (1741.5109ms)
✔ projectile replacement preserves its old world collision size and uses the correct still (1.8391ms)
✔ windup squash, white hit flash and jump shadow do not mutate physics size (1.501ms)
✔ death visuals detach immediately and serial reuse cannot destroy a newly spawned actor (2.7105ms)
✔ buried actors have no visible clone or shadow; re-emerge fades upward; culling cleans the clone (2.0687ms)
✔ production debug handles require fxdebug=1; development remains inspectable (1.9306ms)
✔ ally cast popup uses the unique skill-id texture, never a deleted numeric icon (2.6379ms)
✔ Balam and shared FX recipes register once per skill and every visual signature is unique (3.6461ms)
✔ Balam run preload schedules only registered stills for the selected hero and traits (1.7572ms)
✔ all 42 Balam/shared still files are transparent PNGs at their final dimensions (1655.3471ms)
✔ the roster exposes the converted Balam/Kukul pools and pending Ixchel pool (1.9157ms)
✔ world and progression pools meet the version-zero design scope (1.3899ms)
✔ supporter offerings are content or cosmetics, never stat boosts (0.5917ms)
✔ every declared audio asset is a valid RIFF/WAVE file (154.2165ms)
✔ six cinematic panels and pixel title are complete raster assets (84.3391ms)
✔ all heroes, enemies, bosses and effects have separate transparent frames (963.724ms)
✔ 114 ID-named skill, stat and HUD icons and an OFL-licensed font are bundled (50.7128ms)
✔ visibility updates before first measurement and after shutdown are harmless (1.9052ms)
✔ registry exactly matches the authoritative 17 HUD ids (1.4204ms)
✔ existing CSS boxes round-trip through percentage+anchor coordinates, including cutout origin (1.7968ms)
✔ resize constraints clamp scaling/opacity/position and keep required controls visible (0.9378ms)
✔ group tooltip slots enforce 44dp child targets, not just 44dp for the whole group (0.6352ms)
✔ boss bar only accepts position/scale and cannot acquire opacity/visibility/locking options (0.6152ms)
✔ Save validation rejects hidden/off-screen required controls and too-small targets (4.9558ms)
✔ overlap detector finds real intersecting interactive elements but ignores hidden ones and non-interactive bars (1.2284ms)
✔ drag/nudge obey locking, safe bounds and 8px grid, with unscaled viewport deltas (2.5927ms)
✔ active group movement preserves offsets at an edge and leaves locked slots alone (1.023ms)
✔ all five presets remain constrained and left-handed mirrors controls, not vitals (4.0697ms)
✔ undo/redo snapshots are isolated, branching discards redo, history bounded at 80 (6.2548ms)
✔ export/import is deterministic, validates checksum/version/orientation, clamps and rejects missing/NaN fields (4.5679ms)
✔ unknown/old layouts migrate to responsive defaults, invalid orientation does not erase the valid one (0.7713ms)
✔ save persistence keeps orientation layouts independent, preserves old progress and supports storage errors (1.4155ms)
✔ all editor copy has explicit EN/FR/AR entries; common preset names and axis notation may match French (2.0091ms)
Untranslated overhaul keys (336 keys x 3 locales): ["fr: MANA","fr: Cacao"]
✖ overhaul untranslated keys: none in EN/FR/AR (including runtime legacy Ixchel text) (21.1431ms)
✔ all 98 skill names and English descriptions match JSON; translations fit short cards (14.4791ms)
✔ translation rows keep interpolation variables and native-review comments (223.0286ms)
✔ dynamic HUD copy, passive state and accessibility labels are localized with Western digits (1.6018ms)
✔ descriptions cannot fall back to a generic skill type (0.6666ms)
✔ similarity audit detects the same RGB subject in three- and four-channel PNGs (839.6983ms)
✔ Ixchel registers all 24 JSON-owned recipes and signatures differ across all 50 shipped recipes (4.8847ms)
✔ Ixchel spatial and timing metadata stays linked to the exact authoritative mechanics (14.7983ms)
✔ all Ixchel stages render without placeholders and share the 24 effect budget (5.6308ms)
✔ projectile FX follows its real body, preserves combat data, and restores visibility when evicted (1.1048ms)
✔ Ixchel preload caches exactly its 40 stills and does not load another hero (0.7111ms)
✔ all 40 Ixchel stills are distinct transparent PNGs at 256 or 128 pixels with clear borders (492.47ms)
✔ Kukul registers exactly its 24 JSON skills; all 74 shipped recipe signatures are distinct (4.1245ms)
✔ Kukul FX uses scaled hit geometry, exact catalogue duration, centred trail and moving beam origin (4.4585ms)
✔ every Kukul stage renders without missing stills under the shared 24-unit budget (12.0179ms)
✔ Kukul travel follows and rotates with real projectile bodies, preserves hit data, and handles eviction/reuse (1.4513ms)
✔ Kukul selected-hero preload loads all 40 stills once and never queues another hero (1.4079ms)
✔ all 40 Kukul PNGs have the required sizes, alpha safety margins and distinct image bytes (583.4922ms)
✔ proc event hooks attach Fleet Hunter to only the next basic darts and Steady Aim follows its actual ready state (11.0838ms)
✔ Skyfall FX precedes each unchanged impact and telegraphs persist to their exact staggered hit times (5.4592ms)
✔ Kukul pool is exactly 16 active + 8 passive + 2 innate; definitions/i18n/paths match JSON (16.765ms)
✔ atlatl-volley launches five 20-damage darts in a .13-radian fan with pierce two and range 560 (5.534ms)
✔ featherstorm travels forward at 160 and ticks 14 every .4s only within radius 70 (3.6789ms)
✔ serpent-path follows a full sine wave of amplitude 60, speed 600, pierce 12 and range 560 (2.6308ms)
✔ windstep moves 250, hits passed enemies once, creates a two-second 8/.3 trail and 30% sprint (3.0076ms)
✔ quetzal-flip retreats 260 from nearest foe, is invulnerable, then fires three aimed 24-damage darts (3.3841ms)
✔ hunter-snare deals 62 in a target-area radius 120 and roots without suppressing attacks (2.3782ms)
✔ eagle-eye waits .6s, fires a guaranteed crit with pierce 3 and range 760, and moving cancels cooldown (3.8218ms)
✔ sun-dart makes five distinct hits with compound +10% damage and 280 range from each last target (1.6215ms)
✔ storm-nest stays at its cast point and attacks at most three distinct targets every .8s (2.9169ms)
✔ plume-guard blocks three distinct damage instances, expires at eight seconds, and does not stack on recast (4.3214ms)
✔ cacao-bomb lobs .7 seconds, clamps target to 400 and blasts radius 150 for 73 with knockback 200 (1.4299ms)
✔ forked-flight deals no parent hit, splits after .4s into three homing shots with distinct targets (1.6467ms)
✔ gale-ring expands to radius 250, hits once for 46, knocks back 330 and grants a 25% three-second sprint (2.7065ms)
✔ hunters-trance grants 30% attack speed, 20% crit and limited hero-only steering for six seconds (1.7604ms)
✔ skyfall telegraphs for .6 then lands twelve 40-damage impacts over 1.5s in radius 50 (4.5591ms)
✔ kukulkans-breath hits a 520x60 beam ten times at .15s for 16, with 50% movement speed (1.6856ms)
✔ sharpened-flint Lv1: JSON pierce applies to basic/skill shots but not ally shots (0.9661ms)
✔ venomous-darts Lv1: only basic hits create at most three independently expiring poison stacks (1.2348ms)
✔ full-quiver Lv1: the sixth basic attack replaces one dart with JSON count and shows counter (0.756ms)
✔ hunters-focus Lv1: consecutive hero hits cap at five and switching/reused targets resets damage (1.0676ms)
✔ fleet-hunter Lv1: dash/Windstep/Flip primes only next basic attack for three seconds (2.5373ms)
✔ jungle-instinct Lv1: JSON probability avoids a hit before shields, HP loss and damageTaken (0.625ms)
✔ trophy-hunter Lv1: only jaguar/priest/boss kills heal 20% and grant JSON damage for 20s (5.2466ms)
✔ steady-aim Lv1: after exactly one stationary second JSON crit disappears immediately on movement (1.0133ms)
✔ sharpened-flint Lv2: JSON pierce applies to basic/skill shots but not ally shots (0.4752ms)
✔ venomous-darts Lv2: only basic hits create at most three independently expiring poison stacks (0.6484ms)
✔ full-quiver Lv2: the sixth basic attack replaces one dart with JSON count and shows counter (0.4994ms)
✔ hunters-focus Lv2: consecutive hero hits cap at five and switching/reused targets resets damage (0.5349ms)
✔ fleet-hunter Lv2: dash/Windstep/Flip primes only next basic attack for three seconds (1.0704ms)
✔ jungle-instinct Lv2: JSON probability avoids a hit before shields, HP loss and damageTaken (0.3097ms)
✔ trophy-hunter Lv2: only jaguar/priest/boss kills heal 20% and grant JSON damage for 20s (2.6289ms)
✔ steady-aim Lv2: after exactly one stationary second JSON crit disappears immediately on movement (5.042ms)
✔ sharpened-flint Lv3: JSON pierce applies to basic/skill shots but not ally shots (1.8718ms)
✔ venomous-darts Lv3: only basic hits create at most three independently expiring poison stacks (0.5783ms)
✔ full-quiver Lv3: the sixth basic attack replaces one dart with JSON count and shows counter (0.6986ms)
✔ hunters-focus Lv3: consecutive hero hits cap at five and switching/reused targets resets damage (0.5362ms)
✔ fleet-hunter Lv3: dash/Windstep/Flip primes only next basic attack for three seconds (1.1865ms)
✔ jungle-instinct Lv3: JSON probability avoids a hit before shields, HP loss and damageTaken (1.6738ms)
✔ trophy-hunter Lv3: only jaguar/priest/boss kills heal 20% and grant JSON damage for 20s (2.837ms)
✔ steady-aim Lv3: after exactly one stationary second JSON crit disappears immediately on movement (0.4366ms)
✔ sharpened-flint Lv4: JSON pierce applies to basic/skill shots but not ally shots (0.4989ms)
✔ venomous-darts Lv4: only basic hits create at most three independently expiring poison stacks (0.3923ms)
✔ full-quiver Lv4: the sixth basic attack replaces one dart with JSON count and shows counter (0.401ms)
✔ hunters-focus Lv4: consecutive hero hits cap at five and switching/reused targets resets damage (0.3538ms)
✔ fleet-hunter Lv4: dash/Windstep/Flip primes only next basic attack for three seconds (0.989ms)
✔ jungle-instinct Lv4: JSON probability avoids a hit before shields, HP loss and damageTaken (0.2823ms)
✔ trophy-hunter Lv4: only jaguar/priest/boss kills heal 20% and grant JSON damage for 20s (3.3875ms)
✔ steady-aim Lv4: after exactly one stationary second JSON crit disappears immediately on movement (0.4018ms)
✔ sharpened-flint Lv5: JSON pierce applies to basic/skill shots but not ally shots (0.4712ms)
✔ venomous-darts Lv5: only basic hits create at most three independently expiring poison stacks (0.3635ms)
✔ full-quiver Lv5: the sixth basic attack replaces one dart with JSON count and shows counter (0.4662ms)
✔ hunters-focus Lv5: consecutive hero hits cap at five and switching/reused targets resets damage (0.3674ms)
✔ fleet-hunter Lv5: dash/Windstep/Flip primes only next basic attack for three seconds (1.2084ms)
✔ jungle-instinct Lv5: JSON probability avoids a hit before shields, HP loss and damageTaken (0.3836ms)
✔ trophy-hunter Lv5: only jaguar/priest/boss kills heal 20% and grant JSON damage for 20s (4.6515ms)
✔ steady-aim Lv5: after exactly one stationary second JSON crit disappears immediately on movement (0.4876ms)
✔ unknown or removed IDs cannot cast, spend mana or start cooldown; castSkill has no type fallback (1.2705ms)
✔ Kukul casts all 16 skills at levels 1-6 with shared resources, cooldowns, FX and audio (108.5221ms)
✔ effects created during another effect update remain scheduled and freeze during choices (0.6324ms)
✔ weighted progress uses measured work, never rewinds on retry, and cannot finish early (3.1726ms)
✔ minimum display is 600ms but never adds another 600ms to a slow real load (1.6022ms)
✔ critical failures pause for retry; only failed assets are retried, and skipping critical work is rejected (0.9199ms)
✔ non-critical failure can continue; cancellation releases a waiting recovery (0.7197ms)
✔ Phaser queue reports cache hits, actual progress and failed files, then removes listeners (4.1807ms)
✔ atlas and frame-sheet queues use their own data; timeout and abort do not deadlock (8.3146ms)
✔ selected hero and map manifest excludes other heroes and unused aerial/terrain art without dropping shared run assets (2.6824ms)
✔ FX and sound manifests are unique per selected skill, include innate/ally skills, and support an audio-key list (1.0855ms)
✔ audio preload uses real work callbacks, bounded decoders, cached buffers and retry after decode/fetch failure (25.0996ms)
✔ common audio waits for a playback-decoded frame, reuses the prepared media and does not auto-play (1.2819ms)
[skills] Sound fallback: skills/sfx-jaguar-roar-cast.wav
✔ a stuck audio decoder times out or cancels, releases its cache and allows retry (11.7315ms)
✔ skipped optional sounds fall back without repeated fetches; a successful retry clears that state (1.8007ms)
✔ map preparation preserves the real terrain seed and validates required data (0.3ms)
✔ all loading copy has explicit EN/FR/AR text and static reduced-motion torch fallback (19.8247ms)
✔ maxed boss reward provides a deterministic replacement instead of an empty softlock (7.0792ms)
✔ Healing Circle heals only inside its cast-position radius, including re-entry (6.3347ms)
✔ Guardian Link keeps its full JSON share at every rank even when Tank HP is 1 (2.6704ms)
✔ Jade Ward respects rank-reduced cooldown, without a second unscaled timer (2.9899ms)
✔ Smoke Bomb blinds enemies inside the placed cloud, not enemies following the hero elsewhere (2.3527ms)
✔ ended runs reject pending new, upgrade, stat and replacement callbacks (1.3623ms)
✔ pending companion recruitment and skill callbacks cannot change an ended run (1.3195ms)
✔ post-run damage and projectile collision callbacks cannot grant late kills (1.3751ms)
✔ v0.5 save remains compatible and run skill IDs are not persisted (1.0775ms)
✔ Balam, Kukul and ally generated definitions reproduce exactly from JSON without writing files (60.6389ms)
✔ 98 JSON briefs and eight UI sounds have complete recipe coverage, with intentional silence only (301.1951ms)
✔ 150 authored WAVs meet PCM, duration, peak, silence, seamless-loop and uniqueness gates (1136.3188ms)
✔ synthesis is deterministic, seeded and provides all oscillator / envelope primitives (380.454ms)
✔ buffer cache, 60 ms per-ID throttle, pitch ±5%, and bounded voice pools (6.5163ms)
✔ loop lifetime follows simulation time, pause/resume, early effect end and mute/volume settings (3.1424ms)
✔ optional/silent cues are quiet; a missing file warns once and falls back without throwing (1.816ms)
✔ stopping/destroying before decode finishes cannot start a late loop or one-shot (1.3427ms)
✔ real hero handler stops its loop and passive suppression / ally event cues stay tied to gameplay (10.6416ms)
✔ active/passive slot totals and skill caps match each unlock level (6.575ms)
✔ locked T cannot cast or recover a cooldown before level 20 (5.5674ms)
✔ normal draft guarantees a free active and an every-second-level passive, without duplicate cards (2.0487ms)
✔ full kinds never receive random swap cards; replacements are a separate action (1.2035ms)
✔ boss rewards contain skills only and prefer owned skill upgrades (0.529ms)
✔ maxed loadouts fall back to stat choices and a heal while legacy skills stay active-only (0.731ms)
✔ companion screens occur only at level 5 recruitment and levels 8 and 14 picks (5.941ms)
✔ level jump 9→11 resolves level 10 normally, consumes its passive milestone once, then resolves 11 (2.37ms)
✔ level jump 19→21 resolves the level-20 normal pick and one extra active milestone pick (1.9002ms)
✔ milestone card helper does not include stat cards or shared innate traits (3.3108ms)
✔ authored skill descriptions survive and no generic type copy is shown (2.5014ms)
✔ a shield skill receives one mana restoration after its cost, respecting the cap (0.7595ms)
✔ projectiles and ring effects retain the tint supplied by their skill (1.671ms)
✔ chain targets can be reached from the previous enemy, beyond player range (0.8128ms)
✔ slow percentage scales velocity and defaults to the old 50 percent (1.2473ms)
✔ generic passive state renders the specified counter, timer and stack fixtures (2.9177ms)
✔ card kind keeps upgrades in their skill colour and legacy ally cards are classified (0.4023ms)
✔ slot labels and both milestone banners are translated with Western digits (0.8202ms)
✔ fear moves away from its source and prevents ranged and contact attacks until expiry (16.764ms)
✔ confuse wanders, re-rolls its heading every 0.4 seconds, and prevents attacks (2.5172ms)
✔ root stops movement but preserves ranged and contact attacks (6.2925ms)
✔ pull moves at twice speed toward the point, stopping on it; root takes precedence (1.558ms)
✔ burn deals time-based damage, shows orange tint, and stops at expiry (3.2148ms)
✔ blind sends hero-aimed ranged shots away, preserves non-hero shots and expires (1.2874ms)
✔ hiddenUntil makes non-boss enemies wander without attacking; bosses still pursue (12.6429ms)
✔ stun stops movement and all attacks while poison can still damage the enemy (1.5677ms)
✔ taunt redirects pursuit to the companion and resumes hero pursuit on expiry (1.874ms)
✔ silence prevents ranged and boss skills but allows contact damage and movement (18.0156ms)
✔ disarm retains the existing 45 percent reduction on melee and ranged damage (1.5309ms)
✔ poison ticks without critical hits and attributes a lethal ally tick correctly (1.8583ms)
✔ bleed ticks without critical hits and attributes a lethal ally tick correctly (0.7531ms)
✔ mark amplifies incoming damage only while active (1.3102ms)
✔ slow applies custom percentages with the legacy 50 percent default (1.139ms)
✔ event bus subscribes, unsubscribes and clears; passive replacement and levels do not duplicate listeners (2.3752ms)
✔ every current hero skill has an ID handler and casts at all six levels without errors (190.405ms)
✔ ID handlers share level scaling, mana, cooldown and skillCast handling (1.8483ms)
✔ hero damage reduction, dodge charges, intangibility and reflection are read by combat (3.4986ms)
✔ hero mana multipliers, lifesteal and cooldown recovery affect their existing paths (2.9619ms)
✔ all eight passive events originate from the real scene combat and update methods (4.2837ms)
✔ two innate traits use no active slots and follow all five JSON value levels (8.0455ms)
✔ shared area/cone/line/projectile helpers select targets and propagate status/source (3.565ms)
✔ Jade Bounty extends attraction for XP gems only and pickup consumption heals once (5.7838ms)
✔ orbit/zone/summon helpers persist, move with the hero where appropriate, and clean up (6.8327ms)
✔ sheet slicer detects sprites over transparent background and groups cell accents (7.3725ms)
✔ sheet slicer detects sprites over magenta background and groups cell accents (0.5379ms)
✔ sheet slicer detects sprites over black background and groups cell accents (0.545ms)
✔ sheet slicer reports an occupied-cell mismatch instead of manufacturing a sprite (0.7343ms)
✔ all 18 UI kit outputs have their specified PNG dimensions and alpha channel (304.3728ms)
✔ ground weapons never receive aerial enemies or bosses (4.9245ms)
✔ all four spawn edges remain beyond the visible camera (1.7689ms)
✔ vertical facing and idle facing are consistent (0.9578ms)
✔ French and Arabic cover roster, skill names, upgrades and map selectors (2.4001ms)
✔ new overhead and directional assets are packaged (621.0788ms)
✔ all skill icons are square with a transparent safety border (3263.6993ms)
✔ all separately addressable visual assets are inventoried without legacy numeric icons (19.8887ms)
✔ six male narration files fit their 4.5-second cinematic beats (11.0605ms)
✔ new cinematic panels retain independent high-resolution artwork (66.4956ms)
✔ three companion roles expose only the new JSON-owned eight-skill catalogs and translations (18.2026ms)
✔ temporary ally compatibility adapter is deleted rather than retained as a runtime path (14.5563ms)
✔ hero active slots follow the level 20 unlock (1.0555ms)
✔ companion rank advances on the specified cadence and caps at five (0.9392ms)
✔ Assassin prefers threat over nearest low-damage enemy (1.3913ms)
✔ all locales use Western digits including Arabic dictionary literals (1.5452ms)
✔ support artwork uses separate alpha frames rather than hero skins (188.1656ms)
✔ unrecruited ally is a locked panel containing a localized level, not a question-mark tile (16.3316ms)
✔ auto indicator reports the mode, updates its tooltip and never toggles the setting itself (3.0972ms)
✔ HUD lock and attack-mode tooltip keys exist in EN, FR and AR with Western digits (2.6637ms)
✔ HUD placement CSS contains no Arabic mirroring or logical inline positioning (24.7991ms)
✔ explicit cacao pouch, skull, lock and mode icons do not fall back to the globe glyph (2.0097ms)
✔ nine-slice sources consume V2 insets, reject invalid ids, and escape code-rendered labels (13.6668ms)
✔ card and button states have their own kit images, no geometry-changing DOM states (4.561ms)
✔ torch has exactly the four aligned V2 frames and decor is non-interactive (1.111ms)
✔ main menu only has the provided wordmark and all six old actions including the cacao chip (3.3951ms)
✔ hero selection has three cards, one selected, correct starting rule and exactly two innate traits on it (2.5614ms)
✔ map selection preserves art and difficulty, and uses the dedicated V2 background (1.6731ms)
✔ new menu copy and existing starting/innate labels translate to FR and AR without English fallback (1.9051ms)
✔ spatial focus works in physical directions, including an RTL visual order (1.8861ms)
✔ gamepad confirm is edge triggered, directional repeats are throttled, and cleanup cancels listeners/RAF (2.444ms)
✔ menu styling is scoped and respects reduced motion and native Arabic typography (54.6289ms)
✔ a full 3-active/1-passive loadout always offers deterministic replacement even when the swap roll misses (18.484ms)
✔ normal and milestone drafts never produce random swap cards (3.4388ms)
✔ cancelling replacement in a milestone returns to the original cards without spending it (4.899ms)
✔ active replacement preserves slot order, starts at level 1 and clears its cooldown immediately (9.9584ms)
✔ passive replacement unsubscribes old triggers and immediately resets counters and modifiers (3.6618ms)
✔ Back from remove restores the exact draft without spending or rerolling (6.6442ms)
✔ Back from new restores the exact draft without spending or rerolling (4.2523ms)
✔ Back from confirm restores the exact draft without spending or rerolling (5.7915ms)
✔ a multi-level jump spends exactly one pick per confirmation and rejects stale callbacks (4.7853ms)
✔ level-10 milestone replacement consumes its bonus exactly once (2.2183ms)
✔ level-20 milestone replacement consumes its bonus exactly once (1.1583ms)
✔ boss rewards offer replacement even when all skills are maxed and the card draft is empty (7.3276ms)
✔ boss replacement Back preserves its three cards and confirmation continues queued rewards once (6.4439ms)
✔ replacement is unavailable for free kinds, exhausted pools and innate traits (3.6008ms)
✔ a nearly exhausted replacement pool offers every remaining skill once without inventing duplicates (2.4138ms)
✔ a death during confirmation cannot replace a skill or advance the queue (12.4514ms)
✔ pause Skills entry reads equipped levels/descriptions and both innates without resuming (4.9003ms)
✔ new screens and the corrected hero subtitle have EN/FR/AR copy with Western digits (6.6241ms)
✔ pause exposes Settings without resuming the game (20.212ms)
✔ Android Back through togglePause closes Settings to pause, then resumes only from pause (1.5963ms)
✔ toggle state words and Quit to Menu have complete EN/FR/AR translations (2.5491ms)
✔ one toggle component owns its accessible state, mark and localized word in both states (1.6801ms)
✔ toggle click and Space activation each update the live value exactly once (1.3417ms)
✔ shared settings content has exactly the existing controls and no English fallback in FR/AR (5.2924ms)
✔ live settings persist and update the run copy, attack HUD, budgets and audio without resuming (1.6766ms)
✔ FPS changes restart only the render loop and never wake an already sleeping loop (1.9249ms)
✔ Settings changes are routed through the run owner, and repeated open/close cannot resume it (1.8991ms)
✔ pause Skills and How to Play are read-only children with Back to pause (5.6367ms)
✔ level-up choices are not dismissed by Back, and stale pause callbacks cannot alter an ended run (2.3912ms)
✔ main menu and pause import the same renderer and production enables the existing native bridge (35.1029ms)
✔ first menu and Phaser creation both await the typography gate (35.9376ms)
✔ shared UI imports a single token and font definition source (14.3411ms)
✔ font gate waits for file loads, explicit Arabic warming and FontFaceSet.ready (9.8251ms)
✔ missing files are reported without guessed fetches or falsely registered fonts (1.2865ms)
✔ a corrupt Latin font reports its failure and cannot deadlock startup (1.2476ms)
✔ Phaser/canvas styles choose heading, small body and Arabic without bold synthesis (2.1762ms)
✔ old font faces and names are no longer used by runtime source (37.9391ms)
✔ every required font subset and original OFL notice is bundled (release acceptance) (40.289ms)
✔ V2 kit contains exactly the 41 requested ids, separate files and exact longest sides (497.1026ms)
✔ every finished kit PNG has a transparent surround and no residual magenta matte (654.0389ms)
✔ no final asset reuses another image (file and decoded-pixel hashes) (1043.1414ms)
✔ normal/pressed/disabled button states and card states share exact silhouettes but retain different art (295.1123ms)
✔ all 28 resizable kit entries have safe positive integer nine-slice caps (1.7251ms)
✔ torch poses share one canvas, common bottom baseline, and unique flame imagery (58.1768ms)
✔ subpage backdrop is calmer/darker than hero selection and all backgrounds are 16:9 (144.2535ms)
✔ matte cleanup rejects pink while keeping gold, jade, dark stone and red (0.5475ms)
✔ state geometry alignment uses normal alpha but never copies normal RGB (1.2293ms)
✔ kit source provenance is retained and explicitly distinguishes requested model from unexposed routing (3.6566ms)
a.png 20x40
b.png 20x40
Sliced 2 sprites from fixture.png (80x60; 2 connected components; transparent background).
c.png 20x40
d.png 20x40
Sliced 2 sprites from fixture.png (80x60; 2 connected components; transparent background).
✔ shared-scale bottom anchoring preserves frame size and existing default slicing is centered (167.755ms)
✔ resize mode fills the parent instead of fitting a fixed 1280x720 canvas (17.4556ms)
✔ all requested aspects have uniform zoom and exactly 720 visible world units vertically (1.6191ms)
✔ camera resize preserves its viewed center, and live bounds ignore a stale worldView (1.541ms)
✔ camera resize also preserves center after Phaser has already resized its camera (0.6807ms)
✔ the real scene resize updates terrain, fog and active full-screen effects while choices are paused (7.4788ms)
✔ manual aim refreshes the pointer world position against the current resized camera (1.3461ms)
✔ all spawn edges remain outside every live viewport with their full padding (1.5136ms)
✔ screen shake normalizes each axis including zoom and honors reduced motion (1.2392ms)
✔ XP cost calibration preserves a quick first pick and increasing positive integer costs (12.6236ms)
✔ XP tuning changes costs only; level 10 and 20 slot thresholds stay fixed (3.5693ms)
✔ multi-level XP bursts keep the remainder and queue every earned level once (3.8873ms)
✔ pacing status uses inclusive unrounded boundaries and never counts unreached milestones as a pass (0.6977ms)
✔ pacing evidence includes at least three distinct runs per hero/mode and accurate milestone traces (18.1247ms)
ℹ tests 566
ℹ suites 0
ℹ pass 565
ℹ fail 1
ℹ cancelled 0
ℹ skipped 0
ℹ todo 0
ℹ duration_ms 5612.0856

✖ failing tests:

test at tests\i18n-overhaul.test.js:29:1
✖ overhaul untranslated keys: none in EN/FR/AR (including runtime legacy Ixchel text) (21.1431ms)
  AssertionError [ERR_ASSERTION]: Expected values to be strictly deep-equal:
  + actual - expected

  + [
  +   'fr: MANA',
  +   'fr: Cacao'
  + ]
  - []

      at TestContext.<anonymous> (file:///C:/Users/kossa/Desktop/Sangre%20y%20Jade/tests/i18n-overhaul.test.js:46:9)
      at Test.runInAsyncScope (node:async_hooks:226:14)
      at Test.run (node:internal/test_runner/test:1402:25)
      at Test.start (node:internal/test_runner/test:1262:17)
      at startSubtestAfterBootstrap (node:internal/test_runner/harness:387:17) {
    generatedMessage: true,
    code: 'ERR_ASSERTION',
    actual: [ 'fr: MANA', 'fr: Cacao' ],
    expected: [],
    operator: 'deepStrictEqual',
    diff: 'simple'
  }
