
> sangre-y-jade@0.5.0 build
> vite build

vite v7.3.6 building client environment for production...
transforming...
✓ 333 modules transformed.
rendering chunks...
computing gzip size...
dist/index.html                                                    0.85 kB │ gzip:   0.46 kB
dist/assets/slot-trait-ring-DF6UhDq8.png                           5.86 kB
dist/assets/AtkinsonHyperlegible-latin-ext-700-BoVPHkS0.woff2      9.37 kB
dist/assets/AtkinsonHyperlegible-latin-ext-400-DRk46D-x.woff2      9.38 kB
dist/assets/Jersey15-latin-ext-400-CvhfUKc7.woff2                 12.50 kB
dist/assets/Jersey15-latin-400-C8Nlw5JP.woff2                     16.58 kB
dist/assets/AtkinsonHyperlegible-latin-400-BrHNak5F.woff2         17.21 kB
dist/assets/AtkinsonHyperlegible-latin-700-GZI4o3u0.woff2         17.52 kB
dist/assets/slot-ally-plate-CH7164vc.png                          21.83 kB
dist/assets/slot-passive-ring-BKt3CpNo.png                        23.46 kB
dist/assets/slot-locked-ring-QdXyxMKI.png                         30.22 kB
dist/assets/silencing-dart-C17s5f1J.png                           30.63 kB
dist/assets/four-directions-Br9_Uefz.png                          30.66 kB
dist/assets/obsidian-arc-BQ2CLAg_.png                             31.11 kB
dist/assets/copal-star-BTDrZ22p.png                               31.63 kB
dist/assets/spirit-familiar-D8HcJRyj.png                          32.25 kB
dist/assets/forked-flight-BdJq5QnM.png                            32.33 kB
dist/assets/hunters-trance-B70OlmQg.png                           32.55 kB
dist/assets/jade-halo-Dn5s3tJ8.png                                32.69 kB
dist/assets/hunter-snare-Bg6qjwkH.png                             32.74 kB
dist/assets/fang-path-Bh_dh9qW.png                                32.97 kB
dist/assets/full-quiver-BZTDkQoC.png                              33.54 kB
dist/assets/sharpened-flint-BbaAlUEr.png                          33.94 kB
dist/assets/jade-needles-D4FhXPEj.png                             34.01 kB
dist/assets/hunters-mark-LftKhqqL.png                             34.37 kB
dist/assets/lunar-boon-BW6s-yBH.png                               34.39 kB
dist/assets/stat-swiftness-C3mvAgEG.png                           34.44 kB
dist/assets/venomous-darts-7emLeWsk.png                           34.71 kB
dist/assets/glyph-comet-B9K5ZhwF.png                              34.78 kB
dist/assets/war-drum-BSGzqVDu.png                                 34.89 kB
dist/assets/sun-dart-YJjSBfhr.png                                 34.90 kB
dist/assets/nine-lives-C38rgn37.png                               34.96 kB
dist/assets/black-mirror-BNBOrRBS.png                             34.99 kB
dist/assets/prowlers-leap-CgiVFR-b.png                            35.02 kB
dist/assets/claw-cyclone-CX-_3p8A.png                             35.26 kB
dist/assets/quetzal-flip-DaeMX-xJ.png                             35.32 kB
dist/assets/ixchels-mantle-CAS2uEnJ.png                           35.35 kB
dist/assets/jaguar-roar-hhIayc0m.png                              35.59 kB
dist/assets/ancestor-flame-BDf4JXVo.png                           35.83 kB
dist/assets/storm-nest-Bwv2M_Os.png                               35.92 kB
dist/assets/mana-spring-D_W_20Hr.png                              35.99 kB
dist/assets/stone-maw-DEuGnlde.png                                36.05 kB
dist/assets/serpent-coil-DemOOuNt.png                             36.07 kB
dist/assets/ui-hud-attack-P_7024S-.png                            36.32 kB
dist/assets/atlatl-volley-DydOIJuH.png                            36.37 kB
dist/assets/wounded-fury-DoYmcWi7.png                             36.40 kB
dist/assets/predators-rhythm-BXnH3g2t.png                         36.54 kB
dist/assets/serpent-path-C0QYyDbA.png                             36.56 kB
dist/assets/cacao-bomb-B7ITUUOz.png                               36.62 kB
dist/assets/jungle-instinct-D3j5hvip.png                          36.71 kB
dist/assets/sun-claw-YujOrc3z.png                                 36.81 kB
dist/assets/ancestral-echo-0IIFGJHB.png                           36.90 kB
dist/assets/jade-bounty-fh-BebZI.png                              37.00 kB
dist/assets/cacao-bloom-CLDbuJ0A.png                              37.04 kB
dist/assets/ambush-Cx6TD8X4.png                                   37.08 kB
dist/assets/plume-guard-R1_IIUdh.png                              37.09 kB
dist/assets/execute-B-YbPh4Z.png                                  37.12 kB
dist/assets/skyfall-BCuVMxd-.png                                  37.19 kB
dist/assets/eagle-eye-CMnOiLdf.png                                37.24 kB
dist/assets/heart-of-balam-DAuvVN3C.png                           37.26 kB
dist/assets/venom-blade-DBsOOoSS.png                              37.31 kB
dist/assets/stat-vigor-CTJWKH40.png                               37.34 kB
dist/assets/verdant-mercy-CxLImAvU.png                            37.43 kB
dist/assets/jaguar-echo-Cibw1xLe.png                              37.47 kB
dist/assets/survivors-will-iMX0o6NH.png                           37.47 kB
dist/assets/stonehide-Bf54VCL4.png                                37.61 kB
dist/assets/trophy-hunter-CKb_kaG0.png                            37.71 kB
dist/assets/bloodlust-DZC2Doe2.png                                37.76 kB
dist/assets/bloodless-hunt-WLYmOCdt.png                           37.93 kB
dist/assets/dreamwalk-JlfOrdsq.png                                37.94 kB
dist/assets/bodyguard-CpXPMiHo.png                                37.99 kB
dist/assets/stat-fortune-NqfIDxfT.png                             38.12 kB
dist/assets/featherstorm-BimAObye.png                             38.14 kB
dist/assets/gale-ring-Chggrr9y.png                                38.23 kB
dist/assets/copal-veil-RrCfGMyI.png                               38.26 kB
dist/assets/censer-wave-DsKi2VWu.png                              38.32 kB
dist/assets/stat-renewal-CAlCNNxP.png                             38.37 kB
dist/assets/ceiba-breaker-C_PagSL0.png                            38.59 kB
dist/assets/earthshaker-DbLNczQm.png                              38.65 kB
dist/assets/kukulkans-breath-BhpGANWz.png                         38.71 kB
dist/assets/lifebond-CbhyEHBO.png                                 38.71 kB
dist/assets/clay-bomb-Fg0Q7DLX.png                                38.77 kB
dist/assets/pyramid-rush-BY7zrwsR.png                             38.83 kB
dist/assets/moonwell-D0cNyWAD.png                                 38.94 kB
dist/assets/stat-critical-DITVNXhh.png                            38.99 kB
dist/assets/slot-active-plate-BchfVuRg.png                        39.02 kB
dist/assets/stat-armor-BxFhMy2d.png                               39.17 kB
dist/assets/vanish-xkE3Ua4j.png                                   39.54 kB
dist/assets/steady-aim-BiHNo1so.png                               39.56 kB
dist/assets/ui-hud-dash-B1Yq3h_n.png                              39.61 kB
dist/assets/raincaller-Bx_b1_iz.png                               39.63 kB
dist/assets/stat-haste-Dwrun_lK.png                               39.63 kB
dist/assets/fleet-hunter-gGDZfWSq.png                             39.82 kB
dist/assets/relentless-pursuit-5WwsMDOv.png                       39.87 kB
dist/assets/stat-reach-7z57RN_Q.png                               39.88 kB
dist/assets/rooted-meditation-CvlKUOoI.png                        40.00 kB
dist/assets/guardian-link-BubJnIhr.png                            40.02 kB
dist/assets/windstep-CMjvf9yS.png                                 40.05 kB
dist/assets/jade-resilience-DhdvT_r6.png                          40.05 kB
dist/assets/bounty-contract-CBxa9_o5.png                          40.25 kB
dist/assets/war-cry-Dlt7dAJ7.png                                  40.64 kB
dist/assets/stat-might-DUWz9twx.png                               40.98 kB
dist/assets/jade-ward-BFMu-8qL.png                                41.14 kB
dist/assets/bulwark-wall-lviQJ5Vz.png                             41.18 kB
dist/assets/radiant-beacon-DmXRWzC_.png                           41.61 kB
dist/assets/obsidian-thorns-Bw35A87D.png                          41.94 kB
dist/assets/spirit-harvest-E6BFew8g.png                           42.24 kB
dist/assets/feast-of-the-fallen-DfmzHI5R.png                      42.27 kB
dist/assets/hunters-focus-ePL00HXd.png                            42.29 kB
dist/assets/jaguars-pride-DzndAxLt.png                            42.32 kB
dist/assets/sacred-fervor-DvDTbpRM.png                            42.33 kB
dist/assets/saving-grace-DZpF6r08.png                             42.44 kB
dist/assets/smoke-bomb-BAMYB8_O.png                               42.60 kB
dist/assets/crescent-blessing-D1CkAOXR.png                        42.61 kB
dist/assets/ui-shrine-vitality-Bu0IGIj_.png                       42.76 kB
dist/assets/cleansing-light-B96zK8_A.png                          42.91 kB
dist/assets/stat-wisdom-CD-zwfeS.png                              42.94 kB
dist/assets/shield-bash-CYo6ekxK.png                              43.18 kB
dist/assets/ui-shrine-damage-ClTjXVKF.png                         43.48 kB
dist/assets/shield-throw-D9eaXxjk.png                             43.54 kB
dist/assets/mana-overflow-oXNWvPV9.png                            43.61 kB
dist/assets/ground-slam-D0lj5Tsc.png                              43.89 kB
dist/assets/ui-shrine-fortune-O8XHp84T.png                        44.23 kB
dist/assets/healing-circle-D4bvp6Xu.png                           44.25 kB
dist/assets/sanctuary-dome-WwOq4sk9.png                           44.70 kB
dist/assets/ui-shrine-speed-BderQoFQ.png                          45.52 kB
dist/assets/slot-locked-plate-CbMImHTk.png                        46.04 kB
dist/assets/ally-panel-bg-CLJt-EVn.png                            66.75 kB
dist/assets/milestone-banner-3jvFvkij.png                        199.89 kB
dist/assets/bg-subpage-BDfFmNmZ.webp                             532.93 kB
dist/assets/NotoSansArabic-BtkkNFXq.ttf                          844.68 kB
dist/assets/story-0-B5NnzLbe.webp                                871.63 kB
dist/assets/index-CEoZopKM.css                                   103.76 kB │ gzip:  22.17 kB
dist/assets/ambush-BCCmWQy6.js                                     0.09 kB │ gzip:   0.10 kB
dist/assets/vanish-Brsd9vM_.js                                     0.09 kB │ gzip:   0.10 kB
dist/assets/execute-uQqti9I2.js                                    0.09 kB │ gzip:   0.10 kB
dist/assets/skyfall-DMrGvLOR.js                                    0.09 kB │ gzip:   0.10 kB
dist/assets/war-cry-ClCLV5kS.js                                    0.09 kB │ gzip:   0.10 kB
dist/assets/lifebond-xn6QtDxg.js                                   0.09 kB │ gzip:   0.11 kB
dist/assets/moonwell-riQfrc4H.js                                   0.09 kB │ gzip:   0.11 kB
dist/assets/sun-claw-B-9ZjKGx.js                                   0.09 kB │ gzip:   0.11 kB
dist/assets/sun-dart-B6Fjgvnr.js                                   0.09 kB │ gzip:   0.11 kB
dist/assets/war-drum-driPcRnx.js                                   0.09 kB │ gzip:   0.11 kB
dist/assets/windstep-CgQBgwd_.js                                   0.09 kB │ gzip:   0.11 kB
dist/assets/bloodlust-DZ-eg8Zt.js                                  0.09 kB │ gzip:   0.11 kB
dist/assets/bodyguard-znE3qrbK.js                                  0.09 kB │ gzip:   0.11 kB
dist/assets/clay-bomb-BskPDWeT.js                                  0.09 kB │ gzip:   0.11 kB
dist/assets/dreamwalk-AEeDS7aD.js                                  0.09 kB │ gzip:   0.11 kB
dist/assets/eagle-eye-DNKdSCy-.js                                  0.09 kB │ gzip:   0.11 kB
dist/assets/fang-path-DBDGt0ih.js                                  0.09 kB │ gzip:   0.11 kB
dist/assets/gale-ring-C_I-QC-5.js                                  0.09 kB │ gzip:   0.11 kB
dist/assets/jade-halo-BMl2jGSr.js                                  0.09 kB │ gzip:   0.11 kB
dist/assets/jade-ward-DdiTj-N3.js                                  0.09 kB │ gzip:   0.11 kB
dist/assets/stone-maw-B6-AA_8M.js                                  0.09 kB │ gzip:   0.11 kB
dist/assets/stonehide-CeB9n8QY.js                                  0.09 kB │ gzip:   0.11 kB
dist/assets/cacao-bomb-N4U-j4_3.js                                 0.09 kB │ gzip:   0.11 kB
dist/assets/copal-star-Dg1Oqits.js                                 0.09 kB │ gzip:   0.11 kB
dist/assets/copal-veil-CRlUg5uz.js                                 0.09 kB │ gzip:   0.11 kB
dist/assets/lunar-boon-C-0ZlzO0.js                                 0.09 kB │ gzip:   0.11 kB
dist/assets/nine-lives-DXpuBzKk.js                                 0.09 kB │ gzip:   0.11 kB
dist/assets/raincaller-BjOXQGZ1.js                                 0.09 kB │ gzip:   0.11 kB
dist/assets/smoke-bomb-BESoHH3w.js                                 0.09 kB │ gzip:   0.11 kB
dist/assets/stat-armor-wYu0KvQ-.js                                 0.09 kB │ gzip:   0.11 kB
dist/assets/stat-haste-Crtt-Rhs.js                                 0.09 kB │ gzip:   0.11 kB
dist/assets/stat-might-BUryOiPO.js                                 0.09 kB │ gzip:   0.11 kB
dist/assets/stat-reach-B64qgs2f.js                                 0.09 kB │ gzip:   0.11 kB
dist/assets/stat-vigor-DBesVlgs.js                                 0.09 kB │ gzip:   0.11 kB
dist/assets/steady-aim-4ZyEexSL.js                                 0.09 kB │ gzip:   0.11 kB
dist/assets/storm-nest-BplRQkBZ.js                                 0.09 kB │ gzip:   0.11 kB
dist/assets/cacao-bloom-CTVxT1Yk.js                                0.09 kB │ gzip:   0.11 kB
dist/assets/censer-wave-B3dm2090.js                                0.09 kB │ gzip:   0.11 kB
dist/assets/earthshaker-Le82PYje.js                                0.09 kB │ gzip:   0.11 kB
dist/assets/full-quiver-zkYYfCE1.js                                0.09 kB │ gzip:   0.11 kB
dist/assets/glyph-comet-DpkTP6bN.js                                0.09 kB │ gzip:   0.11 kB
dist/assets/ground-slam-CvSRWn7m.js                                0.09 kB │ gzip:   0.11 kB
dist/assets/jade-bounty-DMNQCHZX.js                                0.09 kB │ gzip:   0.11 kB
dist/assets/jaguar-echo-hymT0iUI.js                                0.09 kB │ gzip:   0.11 kB
dist/assets/jaguar-roar-Ch8Ow-SH.js                                0.09 kB │ gzip:   0.11 kB
dist/assets/mana-spring-BDLXkCZU.js                                0.09 kB │ gzip:   0.11 kB
dist/assets/plume-guard-DB0sibwh.js                                0.09 kB │ gzip:   0.11 kB
dist/assets/shield-bash-CrmtfaCR.js                                0.09 kB │ gzip:   0.11 kB
dist/assets/stat-wisdom-CjGTdkzd.js                                0.09 kB │ gzip:   0.11 kB
dist/assets/ui-hud-dash-GYtERKx_.js                                0.09 kB │ gzip:   0.11 kB
dist/assets/venom-blade-YIjpGcfN.js                                0.09 kB │ gzip:   0.11 kB
dist/assets/black-mirror-CVzg2I9V.js                               0.09 kB │ gzip:   0.11 kB
dist/assets/bulwark-wall-8KLOzOkj.js                               0.09 kB │ gzip:   0.11 kB
dist/assets/claw-cyclone-C8O6N1ii.js                               0.09 kB │ gzip:   0.11 kB
dist/assets/featherstorm-8zx2j8Y8.js                               0.09 kB │ gzip:   0.11 kB
dist/assets/fleet-hunter-CJI8ul3j.js                               0.09 kB │ gzip:   0.11 kB
dist/assets/hunter-snare-CB0TH1xv.js                               0.09 kB │ gzip:   0.11 kB
dist/assets/hunters-mark-D_Wuqs3V.js                               0.09 kB │ gzip:   0.11 kB
dist/assets/jade-needles-Dp89TbKa.js                               0.09 kB │ gzip:   0.11 kB
dist/assets/obsidian-arc-CHZlTt6n.js                               0.09 kB │ gzip:   0.11 kB
dist/assets/pyramid-rush-DbkjXa6C.js                               0.09 kB │ gzip:   0.11 kB
dist/assets/quetzal-flip-CHPCkV5q.js                               0.09 kB │ gzip:   0.11 kB
dist/assets/saving-grace-BRCrCFmO.js                               0.09 kB │ gzip:   0.11 kB
dist/assets/serpent-coil-BrDRySSN.js                               0.09 kB │ gzip:   0.11 kB
dist/assets/serpent-path-BKOb3wq1.js                               0.09 kB │ gzip:   0.11 kB
dist/assets/shield-throw-v_-eQUPB.js                               0.09 kB │ gzip:   0.11 kB
dist/assets/stat-fortune-pcLETnT9.js                               0.09 kB │ gzip:   0.11 kB
dist/assets/stat-renewal-TpexSBlU.js                               0.09 kB │ gzip:   0.11 kB
dist/assets/wounded-fury-DEXmeWEs.js                               0.09 kB │ gzip:   0.11 kB
dist/assets/atlatl-volley-Cd4GK2H6.js                              0.09 kB │ gzip:   0.11 kB
dist/assets/ceiba-breaker-D2RW_ZKX.js                              0.09 kB │ gzip:   0.11 kB
dist/assets/forked-flight-DGlHBIiA.js                              0.09 kB │ gzip:   0.11 kB
dist/assets/guardian-link-D1Baqe5L.js                              0.09 kB │ gzip:   0.11 kB
dist/assets/hunters-focus-DYWfYt47.js                              0.09 kB │ gzip:   0.11 kB
dist/assets/jaguars-pride-BKbewQ68.js                              0.09 kB │ gzip:   0.11 kB
dist/assets/mana-overflow-B8t2r5wk.js                              0.09 kB │ gzip:   0.11 kB
dist/assets/prowlers-leap-B3vDY1Eb.js                              0.09 kB │ gzip:   0.11 kB
dist/assets/sacred-fervor-X-fqLzpU.js                              0.09 kB │ gzip:   0.11 kB
dist/assets/stat-critical-BMhRjKI-.js                              0.09 kB │ gzip:   0.11 kB
dist/assets/trophy-hunter-qpvbFApg.js                              0.09 kB │ gzip:   0.11 kB
dist/assets/ui-hud-attack-PKuvQqmI.js                              0.09 kB │ gzip:   0.11 kB
dist/assets/verdant-mercy-CnIMxpNh.js                              0.09 kB │ gzip:   0.11 kB
dist/assets/ancestor-flame-Bc--H8b1.js                             0.09 kB │ gzip:   0.11 kB
dist/assets/ancestral-echo-BYmzQyjs.js                             0.09 kB │ gzip:   0.11 kB
dist/assets/bloodless-hunt-BVQmQLoR.js                             0.09 kB │ gzip:   0.11 kB
dist/assets/healing-circle-BMQsNLv-.js                             0.09 kB │ gzip:   0.11 kB
dist/assets/heart-of-balam-BFPaHiR-.js                             0.09 kB │ gzip:   0.11 kB
dist/assets/hunters-trance-oiP83znp.js                             0.09 kB │ gzip:   0.11 kB
dist/assets/ixchels-mantle-NqHt6DFA.js                             0.09 kB │ gzip:   0.11 kB
dist/assets/radiant-beacon-DYWLeEvD.js                             0.09 kB │ gzip:   0.11 kB
dist/assets/sanctuary-dome-BpVXp3Re.js                             0.09 kB │ gzip:   0.11 kB
dist/assets/silencing-dart-DAgwqfkx.js                             0.09 kB │ gzip:   0.11 kB
dist/assets/spirit-harvest-B98jiBUP.js                             0.09 kB │ gzip:   0.11 kB
dist/assets/stat-swiftness-BG8LszG_.js                             0.09 kB │ gzip:   0.11 kB
dist/assets/survivors-will-BzTu-Bw7.js                             0.09 kB │ gzip:   0.11 kB
dist/assets/venomous-darts-CtLPNdPV.js                             0.09 kB │ gzip:   0.11 kB
dist/assets/bounty-contract-BOyqgCD2.js                            0.09 kB │ gzip:   0.11 kB
dist/assets/cleansing-light-Ds4_acgp.js                            0.09 kB │ gzip:   0.11 kB
dist/assets/four-directions-ColDD0w9.js                            0.09 kB │ gzip:   0.11 kB
dist/assets/jade-resilience-Cw0TaqkH.js                            0.09 kB │ gzip:   0.11 kB
dist/assets/jungle-instinct-DICielep.js                            0.09 kB │ gzip:   0.11 kB
dist/assets/obsidian-thorns-CoLv5ZZa.js                            0.09 kB │ gzip:   0.11 kB
dist/assets/sharpened-flint-CfCi4O8r.js                            0.09 kB │ gzip:   0.11 kB
dist/assets/spirit-familiar-D7m8QfR4.js                            0.09 kB │ gzip:   0.11 kB
dist/assets/ui-shrine-speed-DcH15aK_.js                            0.09 kB │ gzip:   0.11 kB
dist/assets/kukulkans-breath-CM2STUM4.js                           0.10 kB │ gzip:   0.11 kB
dist/assets/predators-rhythm-sU1nQt0k.js                           0.10 kB │ gzip:   0.11 kB
dist/assets/ui-shrine-damage-BVozq1EV.js                           0.10 kB │ gzip:   0.11 kB
dist/assets/crescent-blessing-C1iGTL_U.js                          0.10 kB │ gzip:   0.11 kB
dist/assets/rooted-meditation-PrxZnDlK.js                          0.10 kB │ gzip:   0.11 kB
dist/assets/ui-shrine-fortune-CW7gWgeQ.js                          0.10 kB │ gzip:   0.11 kB
dist/assets/relentless-pursuit-CCrjLKO-.js                         0.10 kB │ gzip:   0.12 kB
dist/assets/ui-shrine-vitality-BMp4fEyv.js                         0.10 kB │ gzip:   0.12 kB
dist/assets/feast-of-the-fallen-DlQ1s1j3.js                        0.10 kB │ gzip:   0.12 kB
dist/assets/index-CEAXSxij.js                                  1,757.22 kB │ gzip: 508.15 kB

(!) Some chunks are larger than 500 kB after minification. Consider:
- Using dynamic import() to code-split the application
- Use build.rollupOptions.output.manualChunks to improve chunking: https://rollupjs.org/configuration-options/#output-manualchunks
- Adjust chunk size limit for this warning via build.chunkSizeWarningLimit.
✓ built in 16.58s
